(0x8, 0x2),  (0x0, 0x0)
(0x8, 0x2),  (0xAB, 0xCC)
(0xB3, 0xCE),  (0xAB, 0xCC)
(0xB3, 0xCE),  (0x15E, 0x19A)
