>  
1
>  
2
>  
-6
>  
12
>  
-1
>  
15
>  
>  
7
>  
0
>  
0
>  
-4
>  
>  
>  
Error!
>  
Error!
>  
0x9
>  
0xBABE
>  
