params:  a1 = 1,  d = 3,  n = 12.

an = 34.
Sum(a1, a2, ..., an) = 210.
