00
00
00
00
00
00
00
00
00
00
00
00
00
00
00
00
00
11
00
11
00
11
00
11
00
11
00
11
00
11
00
11
00
00
22
22
00
00
22
22
00
00
22
22
00
00
22
22
00
11
22
33
00
11
22
33
00
11
22
33
00
11
22
33
00
00
00
00
44
44
44
44
00
00
00
00
44
44
44
44
00
11
00
11
44
55
44
55
00
11
00
11
44
55
44
55
00
00
22
22
44
44
66
66
00
00
22
22
44
44
66
66
00
11
22
33
44
55
66
77
00
11
22
33
44
55
66
77
00
00
00
00
00
00
00
00
88
88
88
88
88
88
88
88
00
11
00
11
00
11
00
11
88
99
88
99
88
99
88
99
00
00
22
22
00
00
22
22
88
88
aa
aa
88
88
aa
aa
00
11
22
33
00
11
22
33
88
99
aa
bb
88
99
aa
bb
00
00
00
00
44
44
44
44
88
88
88
88
cc
cc
cc
cc
00
11
00
11
44
55
44
55
88
99
88
99
cc
dd
cc
dd
00
00
22
22
44
44
66
66
88
88
aa
aa
cc
cc
ee
ee
00
11
22
33
44
55
66
77
88
99
aa
bb
cc
dd
ee
ff
