cmp:
=>>>>>>>>>>>>>>><=>>>>>>>>>>>>>><<=>>>>>>>>>>>>><<<=>>>>>>>>>>>><<<<=>>>>>>>>>>><<<<<=>>>>>>>>>><<<<<<=>>>>>>>>><<<<<<<=>>>>>>>><<<<<<<<=>>>>>>><<<<<<<<<=>>>>>><<<<<<<<<<=>>>>><<<<<<<<<<<=>>>><<<<<<<<<<<<=>>><<<<<<<<<<<<<=>><<<<<<<<<<<<<<=><<<<<<<<<<<<<<<=
=>>><=>><<=><<<=

add:
00-01 01-02 02-03 03-04 04-05 05-06 06-07 07-08 08-09 09-0a 0a-0b 0b-0c 0c-0d 0d-0e 0e-0f 0f-10 01-02 02-03 03-04 04-05 05-06 06-07 07-08 08-09 09-0a 0a-0b 0b-0c 0c-0d 0d-0e 0e-0f 0f-10 10-11 02-03 03-04 04-05 05-06 06-07 07-08 08-09 09-0a 0a-0b 0b-0c 0c-0d 0d-0e 0e-0f 0f-10 10-11 11-12 03-04 04-05 05-06 06-07 07-08 08-09 09-0a 0a-0b 0b-0c 0c-0d 0d-0e 0e-0f 0f-10 10-11 11-12 12-13 04-05 05-06 06-07 07-08 08-09 09-0a 0a-0b 0b-0c 0c-0d 0d-0e 0e-0f 0f-10 10-11 11-12 12-13 13-14 05-06 06-07 07-08 08-09 09-0a 0a-0b 0b-0c 0c-0d 0d-0e 0e-0f 0f-10 10-11 11-12 12-13 13-14 14-15 06-07 07-08 08-09 09-0a 0a-0b 0b-0c 0c-0d 0d-0e 0e-0f 0f-10 10-11 11-12 12-13 13-14 14-15 15-16 07-08 08-09 09-0a 0a-0b 0b-0c 0c-0d 0d-0e 0e-0f 0f-10 10-11 11-12 12-13 13-14 14-15 15-16 16-17 08-09 09-0a 0a-0b 0b-0c 0c-0d 0d-0e 0e-0f 0f-10 10-11 11-12 12-13 13-14 14-15 15-16 16-17 17-18 09-0a 0a-0b 0b-0c 0c-0d 0d-0e 0e-0f 0f-10 10-11 11-12 12-13 13-14 14-15 15-16 16-17 17-18 18-19 0a-0b 0b-0c 0c-0d 0d-0e 0e-0f 0f-10 10-11 11-12 12-13 13-14 14-15 15-16 16-17 17-18 18-19 19-1a 0b-0c 0c-0d 0d-0e 0e-0f 0f-10 10-11 11-12 12-13 13-14 14-15 15-16 16-17 17-18 18-19 19-1a 1a-1b 0c-0d 0d-0e 0e-0f 0f-10 10-11 11-12 12-13 13-14 14-15 15-16 16-17 17-18 18-19 19-1a 1a-1b 1b-1c 0d-0e 0e-0f 0f-10 10-11 11-12 12-13 13-14 14-15 15-16 16-17 17-18 18-19 19-1a 1a-1b 1b-1c 1c-1d 0e-0f 0f-10 10-11 11-12 12-13 13-14 14-15 15-16 16-17 17-18 18-19 19-1a 1a-1b 1b-1c 1c-1d 1d-1e 0f-10 10-11 11-12 12-13 13-14 14-15 15-16 16-17 17-18 18-19 19-1a 1a-1b 1b-1c 1c-1d 1d-1e 1e-1f 
====================================================================================================

sub:
00-ff 01-00 02-01 03-02 04-03 05-04 06-05 07-06 08-07 09-08 0a-09 0b-0a 0c-0b 0d-0c 0e-0d 0f-0e ff-fe 00-ff 01-00 02-01 03-02 04-03 05-04 06-05 07-06 08-07 09-08 0a-09 0b-0a 0c-0b 0d-0c 0e-0d fe-fd ff-fe 00-ff 01-00 02-01 03-02 04-03 05-04 06-05 07-06 08-07 09-08 0a-09 0b-0a 0c-0b 0d-0c fd-fc fe-fd ff-fe 00-ff 01-00 02-01 03-02 04-03 05-04 06-05 07-06 08-07 09-08 0a-09 0b-0a 0c-0b fc-fb fd-fc fe-fd ff-fe 00-ff 01-00 02-01 03-02 04-03 05-04 06-05 07-06 08-07 09-08 0a-09 0b-0a fb-fa fc-fb fd-fc fe-fd ff-fe 00-ff 01-00 02-01 03-02 04-03 05-04 06-05 07-06 08-07 09-08 0a-09 fa-f9 fb-fa fc-fb fd-fc fe-fd ff-fe 00-ff 01-00 02-01 03-02 04-03 05-04 06-05 07-06 08-07 09-08 f9-f8 fa-f9 fb-fa fc-fb fd-fc fe-fd ff-fe 00-ff 01-00 02-01 03-02 04-03 05-04 06-05 07-06 08-07 f8-f7 f9-f8 fa-f9 fb-fa fc-fb fd-fc fe-fd ff-fe 00-ff 01-00 02-01 03-02 04-03 05-04 06-05 07-06 f7-f6 f8-f7 f9-f8 fa-f9 fb-fa fc-fb fd-fc fe-fd ff-fe 00-ff 01-00 02-01 03-02 04-03 05-04 06-05 f6-f5 f7-f6 f8-f7 f9-f8 fa-f9 fb-fa fc-fb fd-fc fe-fd ff-fe 00-ff 01-00 02-01 03-02 04-03 05-04 f5-f4 f6-f5 f7-f6 f8-f7 f9-f8 fa-f9 fb-fa fc-fb fd-fc fe-fd ff-fe 00-ff 01-00 02-01 03-02 04-03 f4-f3 f5-f4 f6-f5 f7-f6 f8-f7 f9-f8 fa-f9 fb-fa fc-fb fd-fc fe-fd ff-fe 00-ff 01-00 02-01 03-02 f3-f2 f4-f3 f5-f4 f6-f5 f7-f6 f8-f7 f9-f8 fa-f9 fb-fa fc-fb fd-fc fe-fd ff-fe 00-ff 01-00 02-01 f2-f1 f3-f2 f4-f3 f5-f4 f6-f5 f7-f6 f8-f7 f9-f8 fa-f9 fb-fa fc-fb fd-fc fe-fd ff-fe 00-ff 01-00 f1-f0 f2-f1 f3-f2 f4-f3 f5-f4 f6-f5 f7-f6 f8-f7 f9-f8 fa-f9 fb-fa fc-fb fd-fc fe-fd ff-fe 00-ff 
====================================================================================================

or:
00 11 22 33 44 55 66 77 88 99 aa bb cc dd ee ff 11 11 33 33 55 55 77 77 99 99 bb bb dd dd ff ff 22 33 22 33 66 77 66 77 aa bb aa bb ee ff ee ff 33 33 33 33 77 77 77 77 bb bb bb bb ff ff ff ff 44 55 66 77 44 55 66 77 cc dd ee ff cc dd ee ff 55 55 77 77 55 55 77 77 dd dd ff ff dd dd ff ff 66 77 66 77 66 77 66 77 ee ff ee ff ee ff ee ff 77 77 77 77 77 77 77 77 ff ff ff ff ff ff ff ff 88 99 aa bb cc dd ee ff 88 99 aa bb cc dd ee ff 99 99 bb bb dd dd ff ff 99 99 bb bb dd dd ff ff aa bb aa bb ee ff ee ff aa bb aa bb ee ff ee ff bb bb bb bb ff ff ff ff bb bb bb bb ff ff ff ff cc dd ee ff cc dd ee ff cc dd ee ff cc dd ee ff dd dd ff ff dd dd ff ff dd dd ff ff dd dd ff ff ee ff ee ff ee ff ee ff ee ff ee ff ee ff ee ff ff ff ff ff ff ff ff ff ff ff ff ff ff ff ff ff 
====================================================================================================

and:
00 00 00 00 00 00 00 00 00 00 00 00 00 00 00 00 00 11 00 11 00 11 00 11 00 11 00 11 00 11 00 11 00 00 22 22 00 00 22 22 00 00 22 22 00 00 22 22 00 11 22 33 00 11 22 33 00 11 22 33 00 11 22 33 00 00 00 00 44 44 44 44 00 00 00 00 44 44 44 44 00 11 00 11 44 55 44 55 00 11 00 11 44 55 44 55 00 00 22 22 44 44 66 66 00 00 22 22 44 44 66 66 00 11 22 33 44 55 66 77 00 11 22 33 44 55 66 77 00 00 00 00 00 00 00 00 88 88 88 88 88 88 88 88 00 11 00 11 00 11 00 11 88 99 88 99 88 99 88 99 00 00 22 22 00 00 22 22 88 88 aa aa 88 88 aa aa 00 11 22 33 00 11 22 33 88 99 aa bb 88 99 aa bb 00 00 00 00 44 44 44 44 88 88 88 88 cc cc cc cc 00 11 00 11 44 55 44 55 88 99 88 99 cc dd cc dd 00 00 22 22 44 44 66 66 88 88 aa aa cc cc ee ee 00 11 22 33 44 55 66 77 88 99 aa bb cc dd ee ff 
====================================================================================================

