00
11
22
33
44
55
66
77
88
99
aa
bb
cc
dd
ee
ff
11
11
33
33
55
55
77
77
99
99
bb
bb
dd
dd
ff
ff
22
33
22
33
66
77
66
77
aa
bb
aa
bb
ee
ff
ee
ff
33
33
33
33
77
77
77
77
bb
bb
bb
bb
ff
ff
ff
ff
44
55
66
77
44
55
66
77
cc
dd
ee
ff
cc
dd
ee
ff
55
55
77
77
55
55
77
77
dd
dd
ff
ff
dd
dd
ff
ff
66
77
66
77
66
77
66
77
ee
ff
ee
ff
ee
ff
ee
ff
77
77
77
77
77
77
77
77
ff
ff
ff
ff
ff
ff
ff
ff
88
99
aa
bb
cc
dd
ee
ff
88
99
aa
bb
cc
dd
ee
ff
99
99
bb
bb
dd
dd
ff
ff
99
99
bb
bb
dd
dd
ff
ff
aa
bb
aa
bb
ee
ff
ee
ff
aa
bb
aa
bb
ee
ff
ee
ff
bb
bb
bb
bb
ff
ff
ff
ff
bb
bb
bb
bb
ff
ff
ff
ff
cc
dd
ee
ff
cc
dd
ee
ff
cc
dd
ee
ff
cc
dd
ee
ff
dd
dd
ff
ff
dd
dd
ff
ff
dd
dd
ff
ff
dd
dd
ff
ff
ee
ff
ee
ff
ee
ff
ee
ff
ee
ff
ee
ff
ee
ff
ee
ff
ff
ff
ff
ff
ff
ff
ff
ff
ff
ff
ff
ff
ff
ff
ff
ff
