00-ff
01-00
02-01
03-02
04-03
05-04
06-05
07-06
08-07
09-08
0a-09
0b-0a
0c-0b
0d-0c
0e-0d
0f-0e
ff-fe
00-ff
01-00
02-01
03-02
04-03
05-04
06-05
07-06
08-07
09-08
0a-09
0b-0a
0c-0b
0d-0c
0e-0d
fe-fd
ff-fe
00-ff
01-00
02-01
03-02
04-03
05-04
06-05
07-06
08-07
09-08
0a-09
0b-0a
0c-0b
0d-0c
fd-fc
fe-fd
ff-fe
00-ff
01-00
02-01
03-02
04-03
05-04
06-05
07-06
08-07
09-08
0a-09
0b-0a
0c-0b
fc-fb
fd-fc
fe-fd
ff-fe
00-ff
01-00
02-01
03-02
04-03
05-04
06-05
07-06
08-07
09-08
0a-09
0b-0a
fb-fa
fc-fb
fd-fc
fe-fd
ff-fe
00-ff
01-00
02-01
03-02
04-03
05-04
06-05
07-06
08-07
09-08
0a-09
fa-f9
fb-fa
fc-fb
fd-fc
fe-fd
ff-fe
00-ff
01-00
02-01
03-02
04-03
05-04
06-05
07-06
08-07
09-08
f9-f8
fa-f9
fb-fa
fc-fb
fd-fc
fe-fd
ff-fe
00-ff
01-00
02-01
03-02
04-03
05-04
06-05
07-06
08-07
f8-f7
f9-f8
fa-f9
fb-fa
fc-fb
fd-fc
fe-fd
ff-fe
00-ff
01-00
02-01
03-02
04-03
05-04
06-05
07-06
f7-f6
f8-f7
f9-f8
fa-f9
fb-fa
fc-fb
fd-fc
fe-fd
ff-fe
00-ff
01-00
02-01
03-02
04-03
05-04
06-05
f6-f5
f7-f6
f8-f7
f9-f8
fa-f9
fb-fa
fc-fb
fd-fc
fe-fd
ff-fe
00-ff
01-00
02-01
03-02
04-03
05-04
f5-f4
f6-f5
f7-f6
f8-f7
f9-f8
fa-f9
fb-fa
fc-fb
fd-fc
fe-fd
ff-fe
00-ff
01-00
02-01
03-02
04-03
f4-f3
f5-f4
f6-f5
f7-f6
f8-f7
f9-f8
fa-f9
fb-fa
fc-fb
fd-fc
fe-fd
ff-fe
00-ff
01-00
02-01
03-02
f3-f2
f4-f3
f5-f4
f6-f5
f7-f6
f8-f7
f9-f8
fa-f9
fb-fa
fc-fb
fd-fc
fe-fd
ff-fe
00-ff
01-00
02-01
f2-f1
f3-f2
f4-f3
f5-f4
f6-f5
f7-f6
f8-f7
f9-f8
fa-f9
fb-fa
fc-fb
fd-fc
fe-fd
ff-fe
00-ff
01-00
f1-f0
f2-f1
f3-f2
f4-f3
f5-f4
f6-f5
f7-f6
f8-f7
f9-f8
fa-f9
fb-fa
fc-fb
fd-fc
fe-fd
ff-fe
00-ff
