>  111111111*111111111
12345678987654321
>  xd0a0c0d0 + x0e0d000e
0xDEADC0DE
>  23456-765
22691
>  X777+x34
0x7AB
>  x1000+128
0x1080
>  2073600/1080
1920
>  23-100
-77
>  34%7
6
>  -15/4
-3
>  -15%4
-3
>  q