01
123

0000123456
123456
0000000000000000000100100011010001010110
