shl_bit:
================================================================================================================================================================================================================================================================
====================================================================================================

shr_bit:
================================================================================================================================================================================================================================================================
====================================================================================================

shl_hex:
================================================================================================================================================================================================================================================================
====================================================================================================

shr_hex:
================================================================================================================================================================================================================================================================
====================================================================================================

count_bits:
================================================================================================================================================================================================================================================================
====================================================================================================

