fedcba9876543210
FEDCBA9876543210

fedcba9876543210
efcdab8967452301
cdef89ab45670123
fedcba9876543210
ba98fedc32107654
efcdab8967452301
89abcdef01234567
fedcba9876543210
76543210fedcba98
efcdab8967452301
45670123cdef89ab
fedcba9876543210
32107654ba98fedc
efcdab8967452301
0123456789abcdef
fedcba9876543210

0000000000000000

fedcba9876543210

0000000000000000
fedcba9876543210

fedcba9876543210
fedcba9876543210

0123456789abcdef
fedcba9876543210

fedcba9876543210
0123456789abcdef

1000000000000000
0fedcba987654321

0000000000000001
0000000000000010
ffffffffffffffff
0000000000000000

0000000000000001
edcba9876543210f

0000000000000001
0000000000000000
ffffffffffffffff
fffffffffffffffe

0000000000000000
ffffffffffffffd0
0000000000000030

0111010110111111001101101100100100111000011101011000100100001100011010100100111100010000010000100110

000111111111
000111111111

fedcba9876543210
0123456789XXXXXXXABCDEFXXXXXXXXXXXXXXXXXXXXXXXXXXabcdefXXXXXXXXX

