Search primes up to: 2
3
5
Number of prime numbers: 3
