Search primes up to: 2
Number of prime numbers: 1
