Search primes up to: 2
3
Number of prime numbers: 2
