Search primes up to: 2
3
5
7
Number of prime numbers: 4
