inc1:
1000000000000000
0fedcba987654321

inc, not:
0000000000000001
0000000000000010
ffffffffffffffff
0000000000000000

dec1:
0000000000000001
edcba9876543210f

dec:
0000000000000001
0000000000000000
ffffffffffffffff
fffffffffffffffe

neg:
0000000000000000
ffffffffffffffd0
0000000000000030

sign:
++++++++--------
++++++++++++++++++++++++++++++++++++++++++++++++++++++++++++++++++++++++++++++++++++++++++++++++++++++++++++++++++++++++++++++++--------------------------------------------------------------------------------------------------------------------------------

