xor:
fedcba9876543210
efcdab8967452301
cdef89ab45670123
fedcba9876543210
ba98fedc32107654
efcdab8967452301
89abcdef01234567
fedcba9876543210
76543210fedcba98
efcdab8967452301
45670123cdef89ab
fedcba9876543210
32107654ba98fedc
efcdab8967452301
0123456789abcdef
fedcba9876543210

zero:
0000000000000000

xor n:
fedcba9876543210

xor_zero:
0000000000000000
fedcba9876543210

mov:
fedcba9876543210
fedcba9876543210

set:
0123456789abcdef
fedcba9876543210

swap:
fedcba9876543210
0123456789abcdef

