if_flags:
0111010110111111001101101100100100111000011101011000100100001100011010100100111100010000010000100110

if:
000
111
111
111

000
111
111
111

