print_uint:
0x12345af, 0x12345AF, 12345af, 12345AF
0xdeadc0de, 0xDEADC0DE, deadc0de, DEADC0DE
0x3, 0x3, 3, 3
0xf0, 0xF0, f0, F0
0x0, 0x0, 0, 0

print_int:
0x12345af, 0x12345AF, 12345af, 12345AF
0xdeadc0de, 0xDEADC0DE, deadc0de, DEADC0DE
0x3, 0x3, 3, 3
0xf0, 0xF0, f0, F0
0x0, 0x0, 0, 0
-0x12345af, -0x12345AF, -12345af, -12345AF
-0xdeadc0de, -0xDEADC0DE, -deadc0de, -DEADC0DE
-0x3, -0x3, -3, -3
-0xf0, -0xF0, -f0, -F0

