0cdf 121c 7bbc 7f17 9e00 9e00 aae5 aed8 b2fd cf62 f5fe
