27bd 5343 56a6 85ec 8925 9929 b137 bd93 d2fd e26c f83d
